exports[`Home component renders correctly 1`] = `undefined`;
